=== Exploration Run Started at 20260528_133514 ===
Log saved to: c:\Users\22984\Desktop\Leuven slide\Big data\Assigment 2\ensemble_logs\exploration_tuned_xgb\run_20260528_133514.log

Using PyTorch device: cuda
Loaded 30 canonical categories.
Loaded tabular features for 17361 items.

Loading splits...
Train samples: 10464
Val samples:   2229
Test samples:  2276

Loading fine-tuned DL models into memory...

--- Extracting Features and Predictions from Tuned Models ---

Visual Embeddings Dimension:
  ResNet-50 features shape: (10464, 2048)
  ViT-B/16 features shape:  (10464, 768)
  ConvNeXt features shape:  (10464, 768)

--- Training XGBoost Classifiers on Fine-Tuned Embeddings + Tabular ---

Training XGBoost on resnet50 embeddings...
[0]	validation_0-mlogloss:1.18040
[26]	validation_0-mlogloss:1.14202

Training XGBoost on vit_b_16 embeddings...
[0]	validation_0-mlogloss:1.40689
[28]	validation_0-mlogloss:1.24331

Training XGBoost on convnext_tiny embeddings...
[0]	validation_0-mlogloss:1.16712
[29]	validation_0-mlogloss:0.95676

--- Grid Search on VAL split (step=0.05) ---

Best weights:
  DL_resnet50: 0.30
  DL_vit_b_16: 0.10
  DL_convnext_tiny: 0.15
  XGB_resnet50: 0.15
  XGB_vit_b_16: 0.00
  XGB_convnext_tiny: 0.30
Best VAL Macro F1: 0.8463

[TRAIN] Final Ensemble Metrics:
  Macro F1 : 0.9995
  Accuracy : 0.9993

[VAL] Final Ensemble Metrics:
  Macro F1 : 0.8463
  Accuracy : 0.8605

[TEST] Final Ensemble Metrics:
  Macro F1 : 0.8379
  Accuracy : 0.8673

==================================================
TRAIN Confusion Matrix:
[[  81    0    0    0    0    0    0    0    0    0    0    0    0    0
     0    0    0    0    0    0    0    0    0    0    0    0    0    0
     0    0]
 [   0  184    0    0    0    0    0    0    0    0    0    0    0    0
     0    0    0    0    0    0    0    0    0    0    0    0    0    0
     0    0]
 [   0    0  380    0    0    0    0    0    0    0    0    0    0    0
     0    0    0    0    0    0    0    0    0    0    0    0    0    0
     0    0]
 [   0    0    0  559    0    0    1    0    0    0    0    0    0    0
     0    0    0    0    0    1    0    0    0    0    0    0    0    0
     0    1]
 [   0    0    0    0   78    0    0    0    0    0    0    0    0    0
     0    0    0    0    0    0    0    0    0    0    0    0    0    0
     0    0]
 [   0    0    0    0    0  690    0    0    0    0    0    0    0    0
     0    0    0    0    0    0    0    0    0    0    0    0    0    0
     0    0]
 [   0    0    0    0    0    0  262    0    0    0    0    0    0    0
     0    0    0    0    0    0    0    0    0    0    0    0    0    0
     0    0]
 [   0    0    0    0    0    0    0   60    0    0    0    0    0    0
     0    0    0    0    0    0    0    0    0    0    0    0    0    0
     0    0]
 [   0    0    0    0    0    0    0    0  620    0    0    0    0    0
     0    0    0    0    0    0    0    0    0    0    0    0    0    0
     0    0]
 [   0    0    0    0    0    0    0    0    0   84    0    0    0    0
     0    0    0    0    0    0    0    0    0    0    0    0    0    0
     0    0]
 [   0    0    0    0    0    0    0    0    0    0  445    0    0    0
     0    0    0    0    0    0    0    0    0    0    0    0    0    0
     0    0]
 [   0    0    0    0    0    0    0    0    0    0    0  266    0    0
     0    0    0    0    0    0    0    0    0    0    0    0    0    0
     0    2]
 [   0    0    0    0    0    0    0    0    0    0    0    0   96    0
     0    0    0    0    0    0    0    0    0    0    0    0    0    0
     0    0]
 [   0    0    0    0    0    0    0    0    0    0    0    0    0  108
     0    0    0    0    0    0    0    0    0    0    0    0    0    0
     0    0]
 [   0    0    0    0    0    0    0    0    0    0    0    0    0    0
   112    0    0    0    0    0    0    0    0    0    0    0    0    0
     0    1]
 [   0    0    0    0    0    0    0    0    0    0    0    0    0    0
     0  190    0    0    0    0    0    0    0    0    0    0    0    0
     0    0]
 [   0    0    0    0    0    0    0    0    0    0    0    0    0    0
     0    0  177    0    0    0    0    0    0    0    0    0    0    0
     0    0]
 [   0    0    0    0    0    0    0    0    0    0    0    0    0    0
     0    0    0  125    0    0    0    0    0    0    0    0    0    0
     0    0]
 [   0    0    0    0    0    0    0    0    0    0    0    0    0    0
     0    0    0    0  104    0    0    0    0    0    0    0    0    0
     0    0]
 [   0    0    0    0    0    0    0    0    0    0    0    0    0    0
     0    0    0    0    0  660    0    0    0    0    0    0    0    0
     0    0]
 [   0    0    0    0    0    0    0    0    0    0    0    0    0    0
     0    0    0    0    0    0  138    0    0    0    0    0    0    0
     0    0]
 [   0    0    0    0    0    0    0    0    0    0    0    0    0    0
     0    0    0    0    0    0    0  100    0    0    0    0    0    0
     0    0]
 [   0    0    0    0    0    0    0    0    0    0    0    0    0    0
     0    0    0    0    0    0    0    0  146    0    0    0    0    0
     0    0]
 [   0    0    0    0    0    0    0    0    0    0    0    0    0    0
     0    0    0    0    0    0    0    0    0  176    0    0    0    0
     0    0]
 [   0    0    0    0    0    0    0    0    0    0    0    0    0    0
     0    0    0    0    0    0    0    0    0    0 1047    0    0    0
     0    0]
 [   0    0    0    0    0    0    0    0    0    0    0    0    0    0
     0    0    0    0    0    1    0    0    0    0    0  776    0    0
     0    0]
 [   0    0    0    0    0    0    0    0    0    0    0    0    0    0
     0    0    0    0    0    0    0    0    0    0    0    0  160    0
     0    0]
 [   0    0    0    0    0    0    0    0    0    0    0    0    0    0
     0    0    0    0    0    0    0    0    0    0    0    0    0  106
     0    0]
 [   0    0    0    0    0    0    0    0    0    0    0    0    0    0
     0    0    0    0    0    0    0    0    0    0    0    0    0    0
    62    0]
 [   0    0    0    0    0    0    0    0    0    0    0    0    0    0
     0    0    0    0    0    0    0    0    0    0    0    0    0    0
     0 2465]]

==================================================
TEST Confusion Matrix:
[[ 18   0   0   0   0   0   0   0   0   0   0   0   0   0   0   0   0   0
    0   0   0   0   0   0   0   0   0   0   0   0]
 [  0  24   1   0   0   0   0   0   0   0   0   4   0   0   0   1   0   0
    0   1   0   0   0   0   0   0   0   0   0  10]
 [  0   4  67   4   0   1   0   0   0   0   0   0   0   0   0   0   0   0
    0   1   0   0   0   0   3   0   0   0   0   2]
 [  0   0   0  81   0   1   3   0   0   0   1   5   0   0   0   2   0   0
    0   4   0   0   1   0   0   9   1   0   0  14]
 [  0   0   0   3  10   0   0   0   0   0   0   0   0   1   0   0   0   0
    0   3   0   0   0   0   0   0   0   0   0   1]
 [  0   0   0   0   0 147   2   0   0   0   0   0   0   0   0   0   0   0
    0   0   0   0   0   0   0   0   0   0   0   0]
 [  0   0   0   1   0   1  48   0   4   0   1   0   0   0   0   1   0   0
    0   0   0   0   0   0   0   0   1   0   0   0]
 [  0   0   0   0   0   0   0  15   0   0   0   0   0   0   0   0   0   0
    0   0   0   0   0   0   0   0   0   0   0   0]
 [  0   0   0   0   0   0   2   0 132   0   0   0   0   0   0   0   0   0
    0   0   0   0   0   0   0   0   0   0   0   0]
 [  0   0   0   0   0   0   0   0   0  18   0   0   0   0   0   0   0   0
    0   0   0   0   0   0   0   0   0   0   0   1]
 [  0   0   0   1   0   1   0   0   2   0  87   0   0   0   0   1   0   0
    0   0   0   0   0   0   2   0   0   1   0   1]
 [  0   4   0   1   0   0   0   0   0   0   0  33   0   0   0   0   0   0
    0   1   0   0   0   0   0   0   0   0   0  19]
 [  0   0   0   2   1   0   0   0   0   0   0   0  15   0   0   1   0   0
    0   0   0   0   0   0   0   1   0   0   0   2]
 [  0   0   0   0   0   0   0   0   0   0   0   0   0  22   0   0   0   0
    0   2   0   0   0   0   0   0   0   0   0   0]
 [  0   0   0   1   0   0   0   0   0   0   0   0   0   0  14   0   0   0
    0   0   0   0   0   0   0   0   0   0   0  10]
 [  0   3   0   2   1   0   0   0   0   0   2   2   0   0   0  22   0   0
    0   1   1   0   0   0   1   0   0   0   0   7]
 [  0   0   0   0   0   0   0   0   0   0   0   0   0   0   0   0  39   0
    0   0   0   0   0   0   0   0   0   0   0   0]
 [  0   0   0   0   0   0   0   0   0   0   0   1   0   0   0   0   0  21
    0   0   0   0   0   0   0   1   0   0   0   5]
 [  0   0   0   0   0   0   0   0   0   0   0   0   0   0   0   0   0   0
   21   1   0   0   1   0   0   0   0   0   0   0]
 [  0   0   0   1   0   1   0   0   0   0   0   1   0   0   0   0   0   0
    0 134   0   0   1   0   1   3   0   0   0   1]
 [  0   0   0   0   0   0   0   0   0   0   0   0   0   0   0   0   0   0
    0   0  27   0   0   0   0   0   0   0   0   4]
 [  0   0   0   1   0   0   0   0   0   0   0   0   0   0   0   0   0   0
    0   0   0  15   0   0   1   0   0   0   0   5]
 [  0   0   0   0   0   0   0   0   1   0   0   0   0   0   0   0   1   0
    0   1   0   0  27   0   0   1   0   0   0   1]
 [  0   0   0   0   0   0   0   0   0   0   0   0   0   0   0   1   0   0
    0   0   0   0   0  35   0   0   0   0   0   3]
 [  0   0   0   1   0   0   1   0   0   0   1   0   1   0   0   0   0   0
    0   0   0   0   0   0 214   4   1   0   0   2]
 [  0   0   0   3   0   0   0   0   0   0   5   1   2   1   0   0   0   0
    0   4   0   0   0   0   8 138   0   0   0   5]
 [  0   0   0   0   0   0   0   0   0   0   0   0   0   0   0   0   1   0
    0   0   0   0   0   0   1   0  33   0   0   0]
 [  0   0   0   0   0   0   0   0   0   0   2   0   0   0   0   0   0   0
    0   0   0   0   0   0   0   2   0  20   0   0]
 [  0   0   0   1   0   0   0   0   0   0   0   1   0   0   0   0   0   0
    0   5   0   0   0   0   0   1   0   0   6   3]
 [  0  10   0   5   0   0   0   0   0   0   1   9   0   0   3   2   0   0
    0   3   1   1   0   2   1   0   0   0   0 491]]
==================================================

Summary JSON saved to c:\Users\22984\Desktop\Leuven slide\Big data\Assigment 2\ensemble_logs\exploration_tuned_xgb\summary.json
Successfully finished exploration script run!

