=== Ensemble Run Started at 20260426_152441 ===
Command: ensemble_top30.py --step 0.05 --xgb clip,resnet50,vit_b_16,dinov2 --tta --tta-n 8
Log saved to: c:\Users\22984\Desktop\Leuven slide\Big data\Assigment 2\ensemble_logs\ensemble_base_clip_resnet50_vit_b_16_dinov2_tta8\run_20260426_152441.log

Using device: cuda
TTA Enabled: True (Passes: 8)

Loading data for train, val, and test splits...
Train samples: 10464
Val samples:   2229
Test samples:  2275

Loading models into memory...

[VAL] Running inference for 2229 samples...

--- Grid Search on VAL split (step=0.05) ---
Best weights (resnet50 / vit_b_16 / convnext_tiny / xgb_clip / xgb_resnet50 / xgb_vit_b_16 / xgb_dinov2): 0.25 / 0.10 / 0.25 / 0.20 / 0.00 / 0.05 / 0.15
Best VAL Macro F1: 0.8803

[TRAIN] Running inference for 10464 samples...

[TEST] Running inference for 2275 samples...

[TRAIN] Final Ensemble Metrics:
  Macro F1 : 1.0000
  Accuracy : 1.0000

[VAL] Final Ensemble Metrics:
  Macro F1 : 0.8803
  Accuracy : 0.8986

[TEST] Final Ensemble Metrics:
  Macro F1 : 0.8561
  Accuracy : 0.8914

==================================================
TRAIN Confusion Matrix:
[[  81    0    0    0    0    0    0    0    0    0    0    0    0    0
     0    0    0    0    0    0    0    0    0    0    0    0    0    0
     0    0]
 [   0  184    0    0    0    0    0    0    0    0    0    0    0    0
     0    0    0    0    0    0    0    0    0    0    0    0    0    0
     0    0]
 [   0    0  380    0    0    0    0    0    0    0    0    0    0    0
     0    0    0    0    0    0    0    0    0    0    0    0    0    0
     0    0]
 [   0    0    0  562    0    0    0    0    0    0    0    0    0    0
     0    0    0    0    0    0    0    0    0    0    0    0    0    0
     0    0]
 [   0    0    0    0   78    0    0    0    0    0    0    0    0    0
     0    0    0    0    0    0    0    0    0    0    0    0    0    0
     0    0]
 [   0    0    0    0    0  690    0    0    0    0    0    0    0    0
     0    0    0    0    0    0    0    0    0    0    0    0    0    0
     0    0]
 [   0    0    0    0    0    0  262    0    0    0    0    0    0    0
     0    0    0    0    0    0    0    0    0    0    0    0    0    0
     0    0]
 [   0    0    0    0    0    0    0   60    0    0    0    0    0    0
     0    0    0    0    0    0    0    0    0    0    0    0    0    0
     0    0]
 [   0    0    0    0    0    0    0    0  620    0    0    0    0    0
     0    0    0    0    0    0    0    0    0    0    0    0    0    0
     0    0]
 [   0    0    0    0    0    0    0    0    0   84    0    0    0    0
     0    0    0    0    0    0    0    0    0    0    0    0    0    0
     0    0]
 [   0    0    0    0    0    0    0    0    0    0  445    0    0    0
     0    0    0    0    0    0    0    0    0    0    0    0    0    0
     0    0]
 [   0    0    0    0    0    0    0    0    0    0    0  268    0    0
     0    0    0    0    0    0    0    0    0    0    0    0    0    0
     0    0]
 [   0    0    0    0    0    0    0    0    0    0    0    0   96    0
     0    0    0    0    0    0    0    0    0    0    0    0    0    0
     0    0]
 [   0    0    0    0    0    0    0    0    0    0    0    0    0  108
     0    0    0    0    0    0    0    0    0    0    0    0    0    0
     0    0]
 [   0    0    0    0    0    0    0    0    0    0    0    0    0    0
   113    0    0    0    0    0    0    0    0    0    0    0    0    0
     0    0]
 [   0    0    0    0    0    0    0    0    0    0    0    0    0    0
     0  190    0    0    0    0    0    0    0    0    0    0    0    0
     0    0]
 [   0    0    0    0    0    0    0    0    0    0    0    0    0    0
     0    0  177    0    0    0    0    0    0    0    0    0    0    0
     0    0]
 [   0    0    0    0    0    0    0    0    0    0    0    0    0    0
     0    0    0  125    0    0    0    0    0    0    0    0    0    0
     0    0]
 [   0    0    0    0    0    0    0    0    0    0    0    0    0    0
     0    0    0    0  104    0    0    0    0    0    0    0    0    0
     0    0]
 [   0    0    0    0    0    0    0    0    0    0    0    0    0    0
     0    0    0    0    0  660    0    0    0    0    0    0    0    0
     0    0]
 [   0    0    0    0    0    0    0    0    0    0    0    0    0    0
     0    0    0    0    0    0  138    0    0    0    0    0    0    0
     0    0]
 [   0    0    0    0    0    0    0    0    0    0    0    0    0    0
     0    0    0    0    0    0    0  100    0    0    0    0    0    0
     0    0]
 [   0    0    0    0    0    0    0    0    0    0    0    0    0    0
     0    0    0    0    0    0    0    0  146    0    0    0    0    0
     0    0]
 [   0    0    0    0    0    0    0    0    0    0    0    0    0    0
     0    0    0    0    0    0    0    0    0  176    0    0    0    0
     0    0]
 [   0    0    0    0    0    0    0    0    0    0    0    0    0    0
     0    0    0    0    0    0    0    0    0    0 1047    0    0    0
     0    0]
 [   0    0    0    0    0    0    0    0    0    0    0    0    0    0
     0    0    0    0    0    0    0    0    0    0    0  777    0    0
     0    0]
 [   0    0    0    0    0    0    0    0    0    0    0    0    0    0
     0    0    0    0    0    0    0    0    0    0    0    0  160    0
     0    0]
 [   0    0    0    0    0    0    0    0    0    0    0    0    0    0
     0    0    0    0    0    0    0    0    0    0    0    0    0  106
     0    0]
 [   0    0    0    0    0    0    0    0    0    0    0    0    0    0
     0    0    0    0    0    0    0    0    0    0    0    0    0    0
    62    0]
 [   0    0    0    0    0    0    0    0    0    0    0    0    0    0
     0    0    0    0    0    0    0    0    0    0    0    0    0    0
     0 2465]]

==================================================
TEST Confusion Matrix:
[[ 18   0   0   0   0   0   0   0   0   0   0   0   0   0   0   0   0   0
    0   0   0   0   0   0   0   0   0   0   0   0]
 [  0  22   1   0   0   0   0   0   0   0   0   4   0   0   0   2   0   0
    0   2   0   0   0   0   0   0   0   0   0  10]
 [  0   2  71   3   0   0   0   0   0   0   0   1   0   0   0   0   0   0
    0   1   0   0   0   0   3   0   0   0   0   1]
 [  0   0   0  97   1   1   1   0   0   0   0   2   0   0   0   0   0   0
    0   3   0   0   1   0   0   8   0   0   0   8]
 [  0   0   0   1  11   0   0   0   0   0   0   0   0   0   0   0   0   0
    0   4   0   0   0   0   0   0   0   0   0   2]
 [  0   0   0   0   0 147   2   0   0   0   0   0   0   0   0   0   0   0
    0   0   0   0   0   0   0   0   0   0   0   0]
 [  0   0   0   0   0   0  48   0   7   0   0   0   0   0   0   1   0   0
    0   0   0   0   0   0   0   0   1   0   0   0]
 [  0   0   0   0   0   0   0  15   0   0   0   0   0   0   0   0   0   0
    0   0   0   0   0   0   0   0   0   0   0   0]
 [  0   0   0   0   0   1   1   0 132   0   0   0   0   0   0   0   0   0
    0   0   0   0   0   0   0   0   0   0   0   0]
 [  0   0   0   0   0   0   0   0   0  18   0   0   0   0   0   0   0   0
    0   0   0   0   0   0   0   0   0   0   0   1]
 [  0   0   1   2   0   1   0   0   1   0  90   0   0   0   0   0   0   0
    0   0   0   0   0   0   1   0   0   0   0   0]
 [  0   1   0   1   0   0   0   0   0   0   0  30   0   0   0   0   0   0
    0   0   0   0   0   0   0   0   0   0   0  25]
 [  0   0   0   1   0   0   0   0   0   0   0   0  16   0   0   1   0   1
    0   0   0   0   0   0   0   1   0   0   0   2]
 [  0   0   0   0   0   0   0   0   0   0   0   0   0  22   0   0   0   0
    0   1   0   0   0   0   0   1   0   0   0   0]
 [  0   0   0   1   0   0   0   0   0   0   0   0   0   0  13   0   0   0
    0   0   0   0   0   0   0   0   0   0   0  11]
 [  0   4   0   3   1   0   0   0   0   0   3   2   1   0   0  17   0   0
    0   1   0   0   1   2   2   0   0   0   0   5]
 [  0   0   0   0   0   0   0   0   0   0   0   0   0   0   0   0  39   0
    0   0   0   0   0   0   0   0   0   0   0   0]
 [  0   0   0   0   0   0   0   0   0   0   0   1   0   0   0   0   0  21
    0   1   0   0   0   0   0   0   0   0   0   5]
 [  0   0   0   0   0   0   0   0   0   0   0   0   0   0   0   0   0   0
   23   0   0   0   0   0   0   0   0   0   0   0]
 [  0   0   0   1   0   0   0   0   0   0   0   0   0   0   0   0   0   0
    0 138   0   0   0   0   1   2   0   0   0   1]
 [  0   0   1   0   0   0   0   0   0   0   0   0   0   0   0   0   0   0
    0   0  29   0   0   0   0   0   0   0   0   1]
 [  0   0   0   0   0   0   0   0   0   0   0   0   0   0   0   0   0   0
    0   0   0  14   0   0   1   0   0   0   0   7]
 [  0   0   0   0   0   0   0   0   0   0   0   0   0   0   0   0   0   0
    0   0   0   0  28   0   3   0   0   0   0   1]
 [  0   0   0   0   0   0   0   0   0   0   0   0   0   0   0   1   0   0
    0   0   0   0   0  35   0   0   0   0   0   3]
 [  0   0   0   0   0   0   2   0   0   0   2   0   0   0   0   0   0   0
    0   2   0   0   0   0 215   3   0   0   0   1]
 [  0   0   0   3   0   0   0   0   0   0   3   1   1   0   0   1   0   0
    0   4   0   1   0   0   5 147   0   0   0   1]
 [  0   0   0   0   0   0   0   0   0   0   0   0   0   0   0   0   1   0
    0   0   0   0   0   0   0   0  34   0   0   0]
 [  0   0   0   0   0   0   0   0   0   0   0   0   0   0   0   0   0   0
    0   0   0   0   0   0   0   2   0  22   0   0]
 [  0   0   0   1   0   0   0   0   0   0   0   1   0   0   0   0   0   0
    0   7   0   0   0   0   0   0   0   0   6   2]
 [  0   3   0   5   0   0   0   0   0   0   1   3   0   0   1   1   0   0
    0   2   0   1   0   1   1   0   0   0   0 510]]
==================================================

